// 重构日志: 8e27fe71
// 重构日志: 69f2fddd
// 重构日志: fac0515b
// 重构日志: 0e651c22
// 重构日志: 08fc4b79
// 同步 ID: 842e7717 @ Mon Jul 20 10:38:51 UTC 2026
// 同步 ID: 47a1eda4 @ Tue Jul 21 07:01:23 UTC 2026
// 重构日志: 72f65956
// 重构日志: 581c1f75
// 重构日志: 5593ede0
// 重构日志: 898db04f
// 同步 ID: 77c3bc6d @ Mon Jul 27 18:03:27 UTC 2026
// 重构日志: 99763421
// 重构日志: d49fa117
// 同步 ID: 80ecf656 @ Sat Aug  1 14:47:26 UTC 2026
// 同步 ID: cfb85092 @ Sat Aug  1 18:50:32 UTC 2026
// 重构日志: 8e38f909
// 同步 ID: 9f8d7ae2 @ Sun Aug  2 14:04:18 UTC 2026
// 同步 ID: 116b450b @ Sun Aug  2 21:45:16 UTC 2026
// 重构日志: 676012ef
// 重构日志: 32f41614
// 重构日志: ccc293a5
// 重构日志: c1003ed2
// 同步 ID: 9ef1b82e @ Thu Aug  6 13:05:16 UTC 2026
// 同步 ID: 70f982b9 @ Fri Aug  7 01:07:29 UTC 2026
// 重构日志: 9f5958af
// 重构日志: 0aebb285
// 重构日志: 31f3e516
// 重构日志: 4efc4fd3
// 同步 ID: 7833d044 @ Sat Aug  8 04:45:22 UTC 2026
